error: custom attribute panicked
  --> tests/ui/retry_missing_args.rs:16:1
   |
16 | #[retry]
   | ^^^^^^^^
   |
   = help: message: retry macro requires arguments of ExponentialBackoffConfig and 'should retry' function: Error("unexpected end of input, expected identifier")
